// Jest Snapshot v1, https://goo.gl/fbAQLP

exports[`Projects should match the snapshot 1`] = `
<section
  className="projects-outer-container"
  id="projects-section"
>
  <div
    className="project-container"
    key="Score Keeper App"
  >
    <h3
      className="project-title"
    >
      Score Keeper App
    </h3>
    <i
      className="project-techs"
    >
      Vue.js . Vuex . TypeScript . Quasar . Jest
    </i>
    <p
      className="project-description"
    >
      This is the most recent project I’ve created to showcase my programming skills. This mobile SPA (single page web application) features strictly typed, unit tested code and can be used to keep track of scores for any kind of game. The app gives a user many customizations including the ability to set score boundaries, customize player/team names, toggle light/dark mode, save to localstorage, and more!
    </p>
    <div
      className="project-buttons-container"
    >
      <a
        aria-label="github project repo"
        href="https://github.com/ZaneMeroff/score_keeper"
        rel="noopener noreferrer"
        tabIndex="-1"
        target="_blank"
      >
        <button
          className="project-button"
        >
          GitHub Repo
        </button>
      </a>
      <a
        aria-label="live project"
        href="http://zanemeroff.github.io/score_keeper"
        rel="noopener noreferrer"
        tabIndex="-1"
        target="_blank"
      >
        <button
          className="project-button"
        >
          Launch App
        </button>
      </a>
    </div>
  </div>
  <div
    className="project-container"
    key="Team Generator App"
  >
    <h3
      className="project-title"
    >
      Team Generator App
    </h3>
    <i
      className="project-techs"
    >
      Vue.js . Vuex . Vue Router . Jest
    </i>
    <p
      className="project-description"
    >
      A mobile SPA for randomly assigning players to teams. The app features DRY, reusable code and components built with methods leveraging the single responsibility principle. A simple global Vuex store is integrated with Vue Router for view mapping. Jest is used to accomplish nearly 100% unit testing coverage—90 unit tests total.
    </p>
    <div
      className="project-buttons-container"
    >
      <a
        aria-label="github project repo"
        href="https://github.com/ZaneMeroff/team_gen"
        rel="noopener noreferrer"
        tabIndex="-1"
        target="_blank"
      >
        <button
          className="project-button"
        >
          GitHub Repo
        </button>
      </a>
      <a
        aria-label="live project"
        href="http://zanemeroff.github.io/team_gen"
        rel="noopener noreferrer"
        tabIndex="-1"
        target="_blank"
      >
        <button
          className="project-button"
        >
          Launch App
        </button>
      </a>
    </div>
  </div>
  <div
    className="project-container"
    key="Game On! iOS Mobile App"
  >
    <h3
      className="project-title"
    >
      Game On! iOS Mobile App
    </h3>
    <i
      className="project-techs"
    >
      React Native . Redux . TravisCI . Python . Flask
    </i>
    <p
      className="project-description"
    >
      A mobile platform for connecting individuals with pickup games in their communities. Features Google Maps integration. Utilizes TravisCI for continuous integration. React Navigator is used for screen transitions and to manage navigation history. Backend database built in Python with Flask. Component render tests written with Jest and Enzyme. This was a team project created in one week with three other teammates.
    </p>
    <div
      className="project-buttons-container"
    >
      <a
        aria-label="github project repo"
        href="https://github.com/Mod-4-Cross-Pol/FE_game_on"
        rel="noopener noreferrer"
        tabIndex="-1"
        target="_blank"
      >
        <button
          className="project-button"
        >
          GitHub Repo
        </button>
      </a>
      <a
        aria-label="live project"
        href="https://www.youtube.com/watch?v=_E9j8tXz8e4&feature=share&fbclid=IwAR1W86DaTGrS4QtOQ0HuCzJv6_t4FWFpXdG4aa_c1_j_CG7oqXR0uHlgDYA"
        rel="noopener noreferrer"
        tabIndex="-1"
        target="_blank"
      >
        <button
          className="project-button"
        >
          Demo Video
        </button>
      </a>
    </div>
  </div>
  <div
    className="project-container"
    key="MTV Music Trivia App"
  >
    <h3
      className="project-title"
    >
      MTV Music Trivia App
    </h3>
    <i
      className="project-techs"
    >
      React . Redux . Router . Jest . Enzyme
    </i>
    <p
      className="project-description"
    >
      A mobile friendly music trivia app using Redux for global state management and React Router for dynamic URL routing. Jest and Enzyme are used for 97% testing coverage. All Redux and asynchronous functions are tested with happy and sad paths (62 tests overall). PropTypes are implemented for typechecking each variable and function.
    </p>
    <div
      className="project-buttons-container"
    >
      <a
        aria-label="github project repo"
        href="https://github.com/ZaneMeroff/mtv_music_trivia"
        rel="noopener noreferrer"
        tabIndex="-1"
        target="_blank"
      >
        <button
          className="project-button"
        >
          GitHub Repo
        </button>
      </a>
      <a
        aria-label="live project"
        href="https://zanemeroff.github.io/mtv_music_trivia"
        rel="noopener noreferrer"
        tabIndex="-1"
        target="_blank"
      >
        <button
          className="project-button"
        >
          Launch App
        </button>
      </a>
    </div>
  </div>
  <div
    className="project-container"
    key="Mr. Simon Game"
  >
    <h3
      className="project-title"
    >
      Mr. Simon Game
    </h3>
    <i
      className="project-techs"
    >
      React . CSS . Jest . Enzyme
    </i>
    <p
      className="project-description"
    >
      A virtual recreation of the 1978 electronic handheld game by Milton Bradley. I built this project for fun shortly after graduating from the Turing School of Software and Design. It is written using React with Hooks and includes snapshot render tests for each component using Jest with Enzyme. Just like this portfolio webiste, this project was created with accessibility in mind and can be enjoyed entirely with just the tab and return key.
    </p>
    <div
      className="project-buttons-container"
    >
      <a
        aria-label="github project repo"
        href="https://github.com/ZaneMeroff/simon_game"
        rel="noopener noreferrer"
        tabIndex="-1"
        target="_blank"
      >
        <button
          className="project-button"
        >
          GitHub Repo
        </button>
      </a>
      <a
        aria-label="live project"
        href="https://zanemeroff.github.io/simon_game"
        rel="noopener noreferrer"
        tabIndex="-1"
        target="_blank"
      >
        <button
          className="project-button"
        >
          Launch App
        </button>
      </a>
    </div>
  </div>
</section>
`;
