// Jest Snapshot v1, https://goo.gl/fbAQLP

exports[`ScoreBoard should match the snapshot 1`] = `
<div
  className="scoreboard-outer-container"
>
  <div
    className="round-moves-container"
  >
    <h3
      className="round-display"
    >
      ROUND: 
      0
    </h3>
    <h3
      className="round-display"
    >
      MOVES: 
      0
      /
      0
    </h3>
  </div>
  <div
    className="score-board-button-container"
  >
    <button
      aria-label="start game"
      className="game-button"
      onClick={[MockFunction]}
    >
      NEW GAME
    </button>
    <button
      aria-label="toggle view rules"
      className="game-button"
    >
      VIEW RULES
    </button>
  </div>
</div>
`;
