// Jest Snapshot v1, https://goo.gl/fbAQLP

exports[`Header should match the snapshot 1`] = `
<section
  className="header-outer-container"
  id="home-section"
>
  <ParticlesAnimation />
  <h1
    className="title-name"
  >
    Zachary
  </h1>
  <h1
    className="title-name"
  >
    Nemeroff
  </h1>
  <h2
    className="title-industry"
  >
    Software Developer
  </h2>
  <div
    className="social-icon-container"
  >
    <a
      aria-label="github profile"
      href="https://github.com/ZaneMeroff"
      rel="noopener noreferrer"
      target="_blank"
    >
      <img
        alt="Github icon"
        className="social-icon icon"
        src="github_icon.png"
      />
    </a>
    <a
      aria-label="linkedin profile"
      href="https://www.linkedin.com/in/zachary-nemeroff"
      rel="noopener noreferrer"
      target="_blank"
    >
      <img
        alt="Linkedin icon"
        className="social-icon icon"
        src="linkedin_icon.png"
      />
    </a>
    <a
      aria-label="twitter profile"
      href="https://twitter.com/zanemeroff"
      rel="noopener noreferrer"
      target="_blank"
    >
      <img
        alt="Twitter icon"
        className="social-icon icon"
        src="twitter_icon.png"
      />
    </a>
  </div>
  <button
    aria-label="scroll down"
    className="down-arrow icon"
    onClick={[Function]}
  />
</section>
`;
