// Jest Snapshot v1, https://goo.gl/fbAQLP

exports[`About should match the snapshot 1`] = `
<section
  className="about-outer-container"
  id="about-section"
>
  <div
    className="profile-pic-container"
  >
    <img
      alt="zacharys profile"
      className="profile-pic"
      src="profile_pic.jpg"
    />
  </div>
  <div
    className="about-info-container"
  >
    <h2
      className="about-text"
    >
      Greetings!
    </h2>
    <p
      className="about-text"
    >
      My name is Zachary Nemeroff, and I'm an enthusiastic JavaScript developer passionate about test driven development and object-oriented programming using agile workflow processes. I love to build responsive and accessible apps using REST APIs with modern tools including JavaScript, TypeScript, Vue.js, React, HTML5, CSS3, and jQuery to name a few (
      <span
        className="tech-skills-link"
        onClick={[Function]}
      >
        see complete list
      </span>
      ). I'm constantly seeking opportunities calling for creative solutions, so I may expand my knowledge and grow technical skills outside of my comfort zone. If you're up for a challenge, try the Mr. Simon game I created below!
    </p>
    <div
      className="contact-info-container"
    >
      <h2
        className="about-text"
      >
        Contact Details
      </h2>
      <p
        className="about-text"
      >
        Zachary Nemeroff
      </p>
      <p
        className="about-text"
      >
        Denver, CO
      </p>
      <a
        aria-label="send email"
        href="mailto: ZaNemeroff@gmail.com"
        rel="noopener noreferrer"
        target="_blank"
      >
        <p
          className="about-text email-text"
        >
          ZaNemeroff@gmail.com
        </p>
      </a>
      <a
        href="https://zanemeroff.github.io/resume_host"
        rel="noopener noreferrer"
        target="_blank"
      >
        <button
          aria-label="view resume as PDF"
          className="resume-button"
          tabIndex="-1"
        >
          resume.pdf
        </button>
      </a>
    </div>
  </div>
</section>
`;
